    ~/bun-demo  ✔  bun install
Completing command
add      -- Add a dependency to package.js
build    -- Bundle TypeScript & JavaScript
create   -- Create a new project from a te
help     -- Show all supported flags and c
init     -- Start an empty Bun project fro
install  -- Install dependencies for a pac
    ~/bun-demo  ✔  bun install
Completing command
❯ bun index.ts
Hola 2
❯ bun install react
bun add v1.0.15 (b3bdf22e)

 installed react@18.2.0


 3 packages installed [1.71s]
❯ pnpm install
zsh: command not found: pnpm
❯ bash
next@next-System-Product-Name:~/bun-demo$ pnpm install
Orden «pnpm» no encontrada. Quizá quiso decir:
  la orden «npm» del paquete deb «npm (8.5.1~ds-1)»
Pruebe con: sudo apt install <nombre del paquete deb>
next@next-System-Product-Name:~/bun-demo$ pnpm install
Orden «pnpm» no encontrada. Quizá quiso decir:
  la orden «npm» del paquete deb «npm (8.5.1~ds-1)»
Pruebe con: sudo apt install <nombre del paquete deb>
next@next-System-Product-Name:~/bun-demo$ bun install
bun install v1.0.15 (b3bdf22e)

Checked 3 installs across 4 packages (no changes) [12.00ms]
next@next-System-Product-Name:~/bun-demo$ bun index.tsx
error: Cannot find module "react-dom/server" from "/home/next/bun-demo/index.tsx"
next@next-System-Product-Name:~/bun-demo$ bun add react-dom
bun add v1.0.15 (b3bdf22e)

 installed react-dom@18.2.0


 2 packages installed [40.02s]
next@next-System-Product-Name:~/bun-demo$ bun index.tsx
<h1>Hola React</h1>
next@next-System-Product-Name:~/bun-demo$ bun index.tsx
<h1>Hola React <!-- -->2</h1>
next@next-System-Product-Name:~/bun-demo$ git 
init
ayuda: Usando 'master' como el nombre de la rama inicial. Este nombre de rama predeterminado
ayuda: está sujeto a cambios. Para configurar el nombre de la rama inicial para usar en todos
ayuda: de sus nuevos repositorios, reprimiendo esta advertencia, llama a:
ayuda: 
ayuda:  git config --global init.defaultBranch <nombre>
ayuda: 
ayuda: Los nombres comúnmente elegidos en lugar de 'master' son 'main', 'trunk' y
ayuda: 'development'. Se puede cambiar el nombre de la rama recién creada mediante este comando:
ayuda: 
ayuda:  git branch -m <nombre>
Inicializado repositorio Git vacío en /home/next/bun-demo/.git/
next@next-System-Product-Name:~/bun-demo$ git add .
next@next-System-Product-Name:~/bun-demo$ git commit -m " Bun esta redefiniendo el camino de JavaScript "
[master (commit-raíz) bdfe71c]  Bun esta redefiniendo el camino de JavaScript
 87 files changed, 120066 insertions(+)
 create mode 100755 bun.lockb
 create mode 100644 index.ts
 create mode 100644 index.tsx
 create mode 120000 node_modules/.bin/loose-envify
 create mode 100644 node_modules/js-tokens/CHANGELOG.md
 create mode 100644 node_modules/js-tokens/LICENSE
 create mode 100644 node_modules/js-tokens/README.md
 create mode 100644 node_modules/js-tokens/index.js
 create mode 100644 node_modules/js-tokens/package.json
 create mode 100644 node_modules/loose-envify/LICENSE
 create mode 100644 node_modules/loose-envify/README.md
 create mode 100755 node_modules/loose-envify/cli.js
 create mode 100644 node_modules/loose-envify/custom.js
 create mode 100644 node_modules/loose-envify/index.js
 create mode 100644 node_modules/loose-envify/loose-envify.js
 create mode 100644 node_modules/loose-envify/package.json
 create mode 100644 node_modules/loose-envify/replace.js
 create mode 100644 node_modules/react-dom/LICENSE
 create mode 100644 node_modules/react-dom/README.md
 create mode 100644 node_modules/react-dom/cjs/react-dom-server-legacy.browser.development.js
 create mode 100644 node_modules/react-dom/cjs/react-dom-server-legacy.browser.production.min.js
 create mode 100644 node_modules/react-dom/cjs/react-dom-server-legacy.node.development.js
 create mode 100644 node_modules/react-dom/cjs/react-dom-server-legacy.node.production.min.js
 create mode 100644 node_modules/react-dom/cjs/react-dom-server.browser.development.js
 create mode 100644 node_modules/react-dom/cjs/react-dom-server.browser.production.min.js
 create mode 100644 node_modules/react-dom/cjs/react-dom-server.node.development.js
 create mode 100644 node_modules/react-dom/cjs/react-dom-server.node.production.min.js
 create mode 100644 node_modules/react-dom/cjs/react-dom-test-utils.development.js
 create mode 100644 node_modules/react-dom/cjs/react-dom-test-utils.production.min.js
 create mode 100644 node_modules/react-dom/cjs/react-dom.development.js
 create mode 100644 node_modules/react-dom/cjs/react-dom.production.min.js
 create mode 100644 node_modules/react-dom/cjs/react-dom.profiling.min.js
 create mode 100644 node_modules/react-dom/client.js
 create mode 100644 node_modules/react-dom/index.js
 create mode 100644 node_modules/react-dom/package.json
 create mode 100644 node_modules/react-dom/profiling.js
 create mode 100644 node_modules/react-dom/server.browser.js
 create mode 100644 node_modules/react-dom/server.js
 create mode 100644 node_modules/react-dom/server.node.js
 create mode 100644 node_modules/react-dom/test-utils.js
 create mode 100644 node_modules/react-dom/umd/react-dom-server-legacy.browser.development.js
 create mode 100644 node_modules/react-dom/umd/react-dom-server-legacy.browser.production.min.js
 create mode 100644 node_modules/react-dom/umd/react-dom-server.browser.development.js
 create mode 100644 node_modules/react-dom/umd/react-dom-server.browser.production.min.js
 create mode 100644 node_modules/react-dom/umd/react-dom-test-utils.development.js
 create mode 100644 node_modules/react-dom/umd/react-dom-test-utils.production.min.js
 create mode 100644 node_modules/react-dom/umd/react-dom.development.js
 create mode 100644 node_modules/react-dom/umd/react-dom.production.min.js
 create mode 100644 node_modules/react-dom/umd/react-dom.profiling.min.js
 create mode 100644 node_modules/react/LICENSE
 create mode 100644 node_modules/react/README.md
 create mode 100644 node_modules/react/cjs/react-jsx-dev-runtime.development.js
 create mode 100644 node_modules/react/cjs/react-jsx-dev-runtime.production.min.js
 create mode 100644 node_modules/react/cjs/react-jsx-dev-runtime.profiling.min.js
 create mode 100644 node_modules/react/cjs/react-jsx-runtime.development.js
 create mode 100644 node_modules/react/cjs/react-jsx-runtime.production.min.js
 create mode 100644 node_modules/react/cjs/react-jsx-runtime.profiling.min.js
 create mode 100644 node_modules/react/cjs/react.development.js
 create mode 100644 node_modules/react/cjs/react.production.min.js
 create mode 100644 node_modules/react/cjs/react.shared-subset.development.js
 create mode 100644 node_modules/react/cjs/react.shared-subset.production.min.js
 create mode 100644 node_modules/react/index.js
 create mode 100644 node_modules/react/jsx-dev-runtime.js
 create mode 100644 node_modules/react/jsx-runtime.js
 create mode 100644 node_modules/react/package.json
 create mode 100644 node_modules/react/react.shared-subset.js
 create mode 100644 node_modules/react/umd/react.development.js
 create mode 100644 node_modules/react/umd/react.production.min.js
 create mode 100644 node_modules/react/umd/react.profiling.min.js
 create mode 100644 node_modules/scheduler/LICENSE
 create mode 100644 node_modules/scheduler/README.md
 create mode 100644 node_modules/scheduler/cjs/scheduler-unstable_mock.development.js
 create mode 100644 node_modules/scheduler/cjs/scheduler-unstable_mock.production.min.js
 create mode 100644 node_modules/scheduler/cjs/scheduler-unstable_post_task.development.js
 create mode 100644 node_modules/scheduler/cjs/scheduler-unstable_post_task.production.min.js
 create mode 100644 node_modules/scheduler/cjs/scheduler.development.js
 create mode 100644 node_modules/scheduler/cjs/scheduler.production.min.js
 create mode 100644 node_modules/scheduler/index.js
 create mode 100644 node_modules/scheduler/package.json
 create mode 100644 node_modules/scheduler/umd/scheduler-unstable_mock.development.js
 create mode 100644 node_modules/scheduler/umd/scheduler-unstable_mock.production.min.js
 create mode 100644 node_modules/scheduler/umd/scheduler.development.js
 create mode 100644 node_modules/scheduler/umd/scheduler.production.min.js
 create mode 100644 node_modules/scheduler/umd/scheduler.profiling.min.js
 create mode 100644 node_modules/scheduler/unstable_mock.js
 create mode 100644 node_modules/scheduler/unstable_post_task.js
 create mode 100644 package.json
next@next-System-Product-Name:~/bun-demo$ 

Complilamos en archivo:
next@next-System-Product-Name:~/bun-demo$ bun build ./index.tsx > index2.tsx
next@next-System-Product-Name:~/bun-demo$ 